Archive member included to satisfy reference by file (symbol)

/opt/st/stm32cubeide_1.14.0/plugins/com.st.stm32cube.ide.mcu.externaltools.gnu-tools-for-stm32.11.3.rel1.linux64_1.1.100.202309141235/tools/bin/../lib/gcc/arm-none-eabi/11.3.1/../../../../arm-none-eabi/lib/thumb/v7-m/nofp/libc_nano.a(libc_a-exit.o)
                              /opt/st/stm32cubeide_1.14.0/plugins/com.st.stm32cube.ide.mcu.externaltools.gnu-tools-for-stm32.11.3.rel1.linux64_1.1.100.202309141235/tools/bin/../lib/gcc/arm-none-eabi/11.3.1/../../../../arm-none-eabi/lib/thumb/v7-m/nofp/crt0.o (exit)
/opt/st/stm32cubeide_1.14.0/plugins/com.st.stm32cube.ide.mcu.externaltools.gnu-tools-for-stm32.11.3.rel1.linux64_1.1.100.202309141235/tools/bin/../lib/gcc/arm-none-eabi/11.3.1/../../../../arm-none-eabi/lib/thumb/v7-m/nofp/libc_nano.a(libc_a-findfp.o)
                              /opt/st/stm32cubeide_1.14.0/plugins/com.st.stm32cube.ide.mcu.externaltools.gnu-tools-for-stm32.11.3.rel1.linux64_1.1.100.202309141235/tools/bin/../lib/gcc/arm-none-eabi/11.3.1/../../../../arm-none-eabi/lib/thumb/v7-m/nofp/libc_nano.a(libc_a-exit.o) (__stdio_exit_handler)
/opt/st/stm32cubeide_1.14.0/plugins/com.st.stm32cube.ide.mcu.externaltools.gnu-tools-for-stm32.11.3.rel1.linux64_1.1.100.202309141235/tools/bin/../lib/gcc/arm-none-eabi/11.3.1/../../../../arm-none-eabi/lib/thumb/v7-m/nofp/libc_nano.a(libc_a-fwalk.o)
                              /opt/st/stm32cubeide_1.14.0/plugins/com.st.stm32cube.ide.mcu.externaltools.gnu-tools-for-stm32.11.3.rel1.linux64_1.1.100.202309141235/tools/bin/../lib/gcc/arm-none-eabi/11.3.1/../../../../arm-none-eabi/lib/thumb/v7-m/nofp/libc_nano.a(libc_a-findfp.o) (_fwalk_sglue)
/opt/st/stm32cubeide_1.14.0/plugins/com.st.stm32cube.ide.mcu.externaltools.gnu-tools-for-stm32.11.3.rel1.linux64_1.1.100.202309141235/tools/bin/../lib/gcc/arm-none-eabi/11.3.1/../../../../arm-none-eabi/lib/thumb/v7-m/nofp/libc_nano.a(libc_a-stdio.o)
                              /opt/st/stm32cubeide_1.14.0/plugins/com.st.stm32cube.ide.mcu.externaltools.gnu-tools-for-stm32.11.3.rel1.linux64_1.1.100.202309141235/tools/bin/../lib/gcc/arm-none-eabi/11.3.1/../../../../arm-none-eabi/lib/thumb/v7-m/nofp/libc_nano.a(libc_a-findfp.o) (__sread)
/opt/st/stm32cubeide_1.14.0/plugins/com.st.stm32cube.ide.mcu.externaltools.gnu-tools-for-stm32.11.3.rel1.linux64_1.1.100.202309141235/tools/bin/../lib/gcc/arm-none-eabi/11.3.1/../../../../arm-none-eabi/lib/thumb/v7-m/nofp/libc_nano.a(libc_a-memset.o)
                              /opt/st/stm32cubeide_1.14.0/plugins/com.st.stm32cube.ide.mcu.externaltools.gnu-tools-for-stm32.11.3.rel1.linux64_1.1.100.202309141235/tools/bin/../lib/gcc/arm-none-eabi/11.3.1/../../../../arm-none-eabi/lib/thumb/v7-m/nofp/crt0.o (memset)
/opt/st/stm32cubeide_1.14.0/plugins/com.st.stm32cube.ide.mcu.externaltools.gnu-tools-for-stm32.11.3.rel1.linux64_1.1.100.202309141235/tools/bin/../lib/gcc/arm-none-eabi/11.3.1/../../../../arm-none-eabi/lib/thumb/v7-m/nofp/libc_nano.a(libc_a-closer.o)
                              /opt/st/stm32cubeide_1.14.0/plugins/com.st.stm32cube.ide.mcu.externaltools.gnu-tools-for-stm32.11.3.rel1.linux64_1.1.100.202309141235/tools/bin/../lib/gcc/arm-none-eabi/11.3.1/../../../../arm-none-eabi/lib/thumb/v7-m/nofp/libc_nano.a(libc_a-stdio.o) (_close_r)
/opt/st/stm32cubeide_1.14.0/plugins/com.st.stm32cube.ide.mcu.externaltools.gnu-tools-for-stm32.11.3.rel1.linux64_1.1.100.202309141235/tools/bin/../lib/gcc/arm-none-eabi/11.3.1/../../../../arm-none-eabi/lib/thumb/v7-m/nofp/libc_nano.a(libc_a-reent.o)
                              /opt/st/stm32cubeide_1.14.0/plugins/com.st.stm32cube.ide.mcu.externaltools.gnu-tools-for-stm32.11.3.rel1.linux64_1.1.100.202309141235/tools/bin/../lib/gcc/arm-none-eabi/11.3.1/../../../../arm-none-eabi/lib/thumb/v7-m/nofp/libc_nano.a(libc_a-closer.o) (errno)
/opt/st/stm32cubeide_1.14.0/plugins/com.st.stm32cube.ide.mcu.externaltools.gnu-tools-for-stm32.11.3.rel1.linux64_1.1.100.202309141235/tools/bin/../lib/gcc/arm-none-eabi/11.3.1/../../../../arm-none-eabi/lib/thumb/v7-m/nofp/libc_nano.a(libc_a-impure.o)
                              /opt/st/stm32cubeide_1.14.0/plugins/com.st.stm32cube.ide.mcu.externaltools.gnu-tools-for-stm32.11.3.rel1.linux64_1.1.100.202309141235/tools/bin/../lib/gcc/arm-none-eabi/11.3.1/../../../../arm-none-eabi/lib/thumb/v7-m/nofp/libc_nano.a(libc_a-reent.o) (_impure_ptr)
/opt/st/stm32cubeide_1.14.0/plugins/com.st.stm32cube.ide.mcu.externaltools.gnu-tools-for-stm32.11.3.rel1.linux64_1.1.100.202309141235/tools/bin/../lib/gcc/arm-none-eabi/11.3.1/../../../../arm-none-eabi/lib/thumb/v7-m/nofp/libc_nano.a(libc_a-lseekr.o)
                              /opt/st/stm32cubeide_1.14.0/plugins/com.st.stm32cube.ide.mcu.externaltools.gnu-tools-for-stm32.11.3.rel1.linux64_1.1.100.202309141235/tools/bin/../lib/gcc/arm-none-eabi/11.3.1/../../../../arm-none-eabi/lib/thumb/v7-m/nofp/libc_nano.a(libc_a-stdio.o) (_lseek_r)
[...]
Memory Configuration

Name             Origin             Length             Attributes
RAM              0x0000000020000000 0x0000000000002800 xrw
FLASH            0x0000000008000000 0x0000000000010000 xr
*default*        0x0000000000000000 0xffffffffffffffff

Linker script and memory map

LOAD /opt/st/stm32cubeide_1.14.0/plugins/com.st.stm32cube.ide.mcu.externaltools.gnu-tools-for-stm32.11.3.rel1.linux64_1.1.100.202309141235/tools/bin/../lib/gcc/arm-none-eabi/11.3.1/thumb/v7-m/nofp/crti.o
LOAD /opt/st/stm32cubeide_1.14.0/plugins/com.st.stm32cube.ide.mcu.externaltools.gnu-tools-for-stm32.11.3.rel1.linux64_1.1.100.202309141235/tools/bin/../lib/gcc/arm-none-eabi/11.3.1/thumb/v7-m/nofp/crtbegin.o
LOAD /opt/st/stm32cubeide_1.14.0/plugins/com.st.stm32cube.ide.mcu.externaltools.gnu-tools-for-stm32.11.3.rel1.linux64_1.1.100.202309141235/tools/bin/../lib/gcc/arm-none-eabi/11.3.1/../../../../arm-none-eabi/lib/thumb/v7-m/nofp/crt0.o
LOAD ./Core/Src/gpio.o
LOAD ./Core/Src/i2c.o
LOAD ./Core/Src/main.o
LOAD ./Core/Src/stm32f1xx_hal_msp.o
LOAD ./Core/Src/stm32f1xx_it.o
LOAD ./Core/Src/syscalls.o
LOAD ./Core/Src/sysmem.o
LOAD ./Core/Src/system_stm32f1xx.o
LOAD ./Core/Src/tim.o
LOAD ./Core/Src/usart.o
LOAD ./Core/Startup/startup_stm32f101c8tx.o
LOAD ./Drivers/STM32F1xx_HAL_Driver/Src/stm32f1xx_hal.o
LOAD ./Drivers/STM32F1xx_HAL_Driver/Src/stm32f1xx_hal_cortex.o
LOAD ./Drivers/STM32F1xx_HAL_Driver/Src/stm32f1xx_hal_dma.o
LOAD ./Drivers/STM32F1xx_HAL_Driver/Src/stm32f1xx_hal_exti.o
LOAD ./Drivers/STM32F1xx_HAL_Driver/Src/stm32f1xx_hal_flash.o
LOAD ./Drivers/STM32F1xx_HAL_Driver/Src/stm32f1xx_hal_flash_ex.o
LOAD ./Drivers/STM32F1xx_HAL_Driver/Src/stm32f1xx_hal_gpio.o
LOAD ./Drivers/STM32F1xx_HAL_Driver/Src/stm32f1xx_hal_gpio_ex.o
LOAD ./Drivers/STM32F1xx_HAL_Driver/Src/stm32f1xx_hal_i2c.o
LOAD ./Drivers/STM32F1xx_HAL_Driver/Src/stm32f1xx_hal_pwr.o
LOAD ./Drivers/STM32F1xx_HAL_Driver/Src/stm32f1xx_hal_rcc.o
LOAD ./Drivers/STM32F1xx_HAL_Driver/Src/stm32f1xx_hal_rcc_ex.o
LOAD ./Drivers/STM32F1xx_HAL_Driver/Src/stm32f1xx_hal_tim.o
LOAD ./Drivers/STM32F1xx_HAL_Driver/Src/stm32f1xx_hal_tim_ex.o
LOAD ./Drivers/STM32F1xx_HAL_Driver/Src/stm32f1xx_hal_uart.o
LOAD ./Drivers/VL53L1X/Src/VL53L1X.o
LOAD ./Drivers/VL53L1X/Src/VL53L1X_api.o
LOAD ./Drivers/VL53L1X/Src/VL53L1X_calibration.o
LOAD ./Drivers/VL53L1X/Src/vl53l1_platform.o
START GROUP
LOAD /opt/st/stm32cubeide_1.14.0/plugins/com.st.stm32cube.ide.mcu.externaltools.gnu-tools-for-stm32.11.3.rel1.linux64_1.1.100.202309141235/tools/bin/../lib/gcc/arm-none-eabi/11.3.1/../../../../arm-none-eabi/lib/thumb/v7-m/nofp/libc_nano.a
LOAD /opt/st/stm32cubeide_1.14.0/plugins/com.st.stm32cube.ide.mcu.externaltools.gnu-tools-for-stm32.11.3.rel1.linux64_1.1.100.202309141235/tools/bin/../lib/gcc/arm-none-eabi/11.3.1/../../../../arm-none-eabi/lib/thumb/v7-m/nofp/libm.a
END GROUP
START GROUP
LOAD /opt/st/stm32cubeide_1.14.0/plugins/com.st.stm32cube.ide.mcu.externaltools.gnu-tools-for-stm32.11.3.rel1.linux64_1.1.100.202309141235/tools/bin/../lib/gcc/arm-none-eabi/11.3.1/thumb/v7-m/nofp/libgcc.a
LOAD /opt/st/stm32cubeide_1.14.0/plugins/com.st.stm32cube.ide.mcu.externaltools.gnu-tools-for-stm32.11.3.rel1.linux64_1.1.100.202309141235/tools/bin/../lib/gcc/arm-none-eabi/11.3.1/../../../../arm-none-eabi/lib/thumb/v7-m/nofp/libc_nano.a
END GROUP
START GROUP
LOAD /opt/st/stm32cubeide_1.14.0/plugins/com.st.stm32cube.ide.mcu.externaltools.gnu-tools-for-stm32.11.3.rel1.linux64_1.1.100.202309141235/tools/bin/../lib/gcc/arm-none-eabi/11.3.1/thumb/v7-m/nofp/libgcc.a
LOAD /opt/st/stm32cubeide_1.14.0/plugins/com.st.stm32cube.ide.mcu.externaltools.gnu-tools-for-stm32.11.3.rel1.linux64_1.1.100.202309141235/tools/bin/../lib/gcc/arm-none-eabi/11.3.1/../../../../arm-none-eabi/lib/thumb/v7-m/nofp/libc_nano.a
LOAD /opt/st/stm32cubeide_1.14.0/plugins/com.st.stm32cube.ide.mcu.externaltools.gnu-tools-for-stm32.11.3.rel1.linux64_1.1.100.202309141235/tools/bin/../lib/gcc/arm-none-eabi/11.3.1/../../../../arm-none-eabi/lib/thumb/v7-m/nofp/libnosys.a
END GROUP
START GROUP
LOAD /opt/st/stm32cubeide_1.14.0/plugins/com.st.stm32cube.ide.mcu.externaltools.gnu-tools-for-stm32.11.3.rel1.linux64_1.1.100.202309141235/tools/bin/../lib/gcc/arm-none-eabi/11.3.1/thumb/v7-m/nofp/libgcc.a
LOAD /opt/st/stm32cubeide_1.14.0/plugins/com.st.stm32cube.ide.mcu.externaltools.gnu-tools-for-stm32.11.3.rel1.linux64_1.1.100.202309141235/tools/bin/../lib/gcc/arm-none-eabi/11.3.1/../../../../arm-none-eabi/lib/thumb/v7-m/nofp/libc_nano.a
LOAD /opt/st/stm32cubeide_1.14.0/plugins/com.st.stm32cube.ide.mcu.externaltools.gnu-tools-for-stm32.11.3.rel1.linux64_1.1.100.202309141235/tools/bin/../lib/gcc/arm-none-eabi/11.3.1/../../../../arm-none-eabi/lib/thumb/v7-m/nofp/libnosys.a
END GROUP
LOAD /opt/st/stm32cubeide_1.14.0/plugins/com.st.stm32cube.ide.mcu.externaltools.gnu-tools-for-stm32.11.3.rel1.linux64_1.1.100.202309141235/tools/bin/../lib/gcc/arm-none-eabi/11.3.1/thumb/v7-m/nofp/crtend.o
LOAD /opt/st/stm32cubeide_1.14.0/plugins/com.st.stm32cube.ide.mcu.externaltools.gnu-tools-for-stm32.11.3.rel1.linux64_1.1.100.202309141235/tools/bin/../lib/gcc/arm-none-eabi/11.3.1/thumb/v7-m/nofp/crtn.o
                0x0000000020002800                _estack = (ORIGIN (RAM) + LENGTH (RAM))
                0x0000000000000200                _Min_Heap_Size = 0x200
                0x0000000000000400                _Min_Stack_Size = 0x400

.isr_vector     0x0000000008000000      0x10c
                0x0000000008000000                . = ALIGN (0x4)
 *(.isr_vector)
 .isr_vector    0x0000000008000000      0x10c ./Core/Startup/startup_stm32f101c8tx.o
                0x0000000008000000                g_pfnVectors
                0x000000000800010c                . = ALIGN (0x4)

.text           0x000000000800010c     0x41d8
                0x000000000800010c                . = ALIGN (0x4)
 *(.text)
 .text          0x000000000800010c       0x40 /opt/st/stm32cubeide_1.14.0/plugins/com.st.stm32cube.ide.mcu.externaltools.gnu-tools-for-stm32.11.3.rel1.linux64_1.1.100.202309141235/tools/bin/../lib/gcc/arm-none-eabi/11.3.1/thumb/v7-m/nofp/crtbegin.o
 *(.text*)
 .text.MX_GPIO_Init
                0x000000000800014c      0x13c ./Core/Src/gpio.o
                0x000000000800014c                MX_GPIO_Init
 .text.MX_I2C2_Init
                0x0000000008000288       0x5c ./Core/Src/i2c.o
                0x0000000008000288                MX_I2C2_Init
 .text.HAL_I2C_MspInit
                0x00000000080002e4       0x80 ./Core/Src/i2c.o
                0x00000000080002e4                HAL_I2C_MspInit
 .text.main     0x0000000008000364      0x170 ./Core/Src/main.o
                0x0000000008000364                main
 .text.SystemClock_Config
                0x00000000080004d4       0x78 ./Core/Src/main.o
                0x00000000080004d4                SystemClock_Config
 .text.InitPeriph
                0x000000000800054c      0x114 ./Core/Src/main.o
                0x000000000800054c                InitPeriph
 .text.UpdateEncoder
                0x0000000008000660      0x108 ./Core/Src/main.o
                0x0000000008000660                UpdateEncoder
 .text.Turn     0x0000000008000768      0x1c8 ./Core/Src/main.o
                0x0000000008000768                Turn
 .text.Drive    0x0000000008000930      0x1c8 ./Core/Src/main.o
                0x0000000008000930                Drive
 .text.GetDistances
                0x0000000008000af8       0x4c ./Core/Src/main.o
                0x0000000008000af8                GetDistances
 .text.SpinHands
                0x0000000008000b44       0x28 ./Core/Src/main.o
                0x0000000008000b44                SpinHands
 .text.StopHands
                0x0000000008000b6c       0x20 ./Core/Src/main.o
                0x0000000008000b6c                StopHands
 .text.LED      0x0000000008000b8c       0x48 ./Core/Src/main.o
                0x0000000008000b8c                LED
 .text.Error_Handler
                0x0000000008000bd4        0xa ./Core/Src/main.o
                0x0000000008000bd4                Error_Handler
 *fill*         0x0000000008000bde        0x2 
 .text.HAL_MspInit
                0x0000000008000be0       0x64 ./Core/Src/stm32f1xx_hal_msp.o
                0x0000000008000be0                HAL_MspInit
 .text.NMI_Handler
                0x0000000008000c44        0xa ./Core/Src/stm32f1xx_it.o
                0x0000000008000c44                NMI_Handler
 .text.HardFault_Handler
                0x0000000008000c4e        0x6 ./Core/Src/stm32f1xx_it.o
                0x0000000008000c4e                HardFault_Handler
 .text.MemManage_Handler
                0x0000000008000c54        0x6 ./Core/Src/stm32f1xx_it.o
                0x0000000008000c54                MemManage_Handler
 .text.BusFault_Handler
                0x0000000008000c5a        0x6 ./Core/Src/stm32f1xx_it.o
                0x0000000008000c5a                BusFault_Handler
 .text.UsageFault_Handler
                0x0000000008000c60        0x6 ./Core/Src/stm32f1xx_it.o
                0x0000000008000c60                UsageFault_Handler
 .text.SVC_Handler
                0x0000000008000c66        0xc ./Core/Src/stm32f1xx_it.o
                0x0000000008000c66                SVC_Handler
 .text.DebugMon_Handler
                0x0000000008000c72        0xc ./Core/Src/stm32f1xx_it.o
                0x0000000008000c72                DebugMon_Handler
 .text.PendSV_Handler
                0x0000000008000c7e        0xc ./Core/Src/stm32f1xx_it.o
                0x0000000008000c7e                PendSV_Handler
 .text.SysTick_Handler
                0x0000000008000c8a        0xc ./Core/Src/stm32f1xx_it.o
                0x0000000008000c8a                SysTick_Handler
 .text.SystemInit
                0x0000000008000c96        0xc ./Core/Src/system_stm32f1xx.o
                0x0000000008000c96                SystemInit
 *fill*         0x0000000008000ca2        0x2 
 .text.MX_TIM2_Init
                0x0000000008000ca4       0xf0 ./Core/Src/tim.o
                0x0000000008000ca4                MX_TIM2_Init
 .text.MX_TIM3_Init
                0x0000000008000d94       0xa8 ./Core/Src/tim.o
                0x0000000008000d94                MX_TIM3_Init
 .text.MX_TIM4_Init
                0x0000000008000e3c       0xa8 ./Core/Src/tim.o
                0x0000000008000e3c                MX_TIM4_Init
 .text.HAL_TIM_PWM_MspInit
                0x0000000008000ee4       0x38 ./Core/Src/tim.o
                0x0000000008000ee4                HAL_TIM_PWM_MspInit
 .text.HAL_TIM_Encoder_MspInit
                0x0000000008000f1c       0xd8 ./Core/Src/tim.o
                0x0000000008000f1c                HAL_TIM_Encoder_MspInit
 .text.HAL_TIM_MspPostInit
                0x0000000008000ff4       0x60 ./Core/Src/tim.o
                0x0000000008000ff4                HAL_TIM_MspPostInit
 .text.MX_USART1_UART_Init
                0x0000000008001054       0x54 ./Core/Src/usart.o
                0x0000000008001054                MX_USART1_UART_Init
 .text.HAL_UART_MspInit
                0x00000000080010a8       0x98 ./Core/Src/usart.o
                0x00000000080010a8                HAL_UART_MspInit
 .text.Reset_Handler
                0x0000000008001140       0x48 ./Core/Startup/startup_stm32f101c8tx.o
                0x0000000008001140                Reset_Handler
 .text.Default_Handler
                0x0000000008001188        0x2 ./Core/Startup/startup_stm32f101c8tx.o
                0x0000000008001188                RTC_Alarm_IRQHandler
                0x0000000008001188                EXTI2_IRQHandler
                0x0000000008001188                PVD_IRQHandler
                0x0000000008001188                EXTI3_IRQHandler
                0x0000000008001188                EXTI0_IRQHandler
                0x0000000008001188                I2C2_EV_IRQHandler
                0x0000000008001188                SPI1_IRQHandler
                0x0000000008001188                TAMPER_IRQHandler
                0x0000000008001188                DMA1_Channel4_IRQHandler
                0x0000000008001188                ADC1_IRQHandler
                0x0000000008001188                USART3_IRQHandler
                0x0000000008001188                RTC_IRQHandler
                0x0000000008001188                DMA1_Channel7_IRQHandler
                0x0000000008001188                TIM4_IRQHandler
                0x0000000008001188                I2C1_EV_IRQHandler
                0x0000000008001188                DMA1_Channel6_IRQHandler
                0x0000000008001188                TIM3_IRQHandler
                0x0000000008001188                RCC_IRQHandler
                0x0000000008001188                DMA1_Channel1_IRQHandler
                0x0000000008001188                Default_Handler
                0x0000000008001188                EXTI15_10_IRQHandler
                0x0000000008001188                EXTI9_5_IRQHandler
                0x0000000008001188                SPI2_IRQHandler
                0x0000000008001188                DMA1_Channel5_IRQHandler
                0x0000000008001188                EXTI4_IRQHandler
                0x0000000008001188                DMA1_Channel3_IRQHandler
                0x0000000008001188                WWDG_IRQHandler
                0x0000000008001188                TIM2_IRQHandler
                0x0000000008001188                EXTI1_IRQHandler
                0x0000000008001188                USART2_IRQHandler
                0x0000000008001188                I2C2_ER_IRQHandler
                0x0000000008001188                DMA1_Channel2_IRQHandler
                0x0000000008001188                FLASH_IRQHandler
                0x0000000008001188                USART1_IRQHandler
                0x0000000008001188                I2C1_ER_IRQHandler
 *fill*         0x000000000800118a        0x2 
 .text.HAL_Init
                0x000000000800118c       0x2c ./Drivers/STM32F1xx_HAL_Driver/Src/stm32f1xx_hal.o
                0x000000000800118c                HAL_Init
 .text.HAL_InitTick
                0x00000000080011b8       0x60 ./Drivers/STM32F1xx_HAL_Driver/Src/stm32f1xx_hal.o
                0x00000000080011b8                HAL_InitTick
 .text.HAL_IncTick
                0x0000000008001218       0x24 ./Drivers/STM32F1xx_HAL_Driver/Src/stm32f1xx_hal.o
                0x0000000008001218                HAL_IncTick
 .text.HAL_GetTick
                0x000000000800123c       0x14 ./Drivers/STM32F1xx_HAL_Driver/Src/stm32f1xx_hal.o
                0x000000000800123c                HAL_GetTick
 .text.HAL_Delay
                0x0000000008001250       0x48 ./Drivers/STM32F1xx_HAL_Driver/Src/stm32f1xx_hal.o
                0x0000000008001250                HAL_Delay
 .text.__NVIC_SetPriorityGrouping
                0x0000000008001298       0x48 ./Drivers/STM32F1xx_HAL_Driver/Src/stm32f1xx_hal_cortex.o
 .text.__NVIC_GetPriorityGrouping
                0x00000000080012e0       0x1c ./Drivers/STM32F1xx_HAL_Driver/Src/stm32f1xx_hal_cortex.o
 .text.__NVIC_SetPriority
                0x00000000080012fc       0x54 ./Drivers/STM32F1xx_HAL_Driver/Src/stm32f1xx_hal_cortex.o
 .text.NVIC_EncodePriority
                0x0000000008001350       0x64 ./Drivers/STM32F1xx_HAL_Driver/Src/stm32f1xx_hal_cortex.o
 .text.SysTick_Config
                0x00000000080013b4       0x44 ./Drivers/STM32F1xx_HAL_Driver/Src/stm32f1xx_hal_cortex.o
 .text.HAL_NVIC_SetPriorityGrouping
                0x00000000080013f8       0x16 ./Drivers/STM32F1xx_HAL_Driver/Src/stm32f1xx_hal_cortex.o
                0x00000000080013f8                HAL_NVIC_SetPriorityGrouping
 .text.HAL_NVIC_SetPriority
                0x000000000800140e       0x38 ./Drivers/STM32F1xx_HAL_Driver/Src/stm32f1xx_hal_cortex.o
                0x000000000800140e                HAL_NVIC_SetPriority
 .text.HAL_SYSTICK_Config
                0x0000000008001446       0x18 ./Drivers/STM32F1xx_HAL_Driver/Src/stm32f1xx_hal_cortex.o
                0x0000000008001446                HAL_SYSTICK_Config
 *fill*         0x000000000800145e        0x2 
 .text.HAL_GPIO_Init
                0x0000000008001460      0x308 ./Drivers/STM32F1xx_HAL_Driver/Src/stm32f1xx_hal_gpio.o
                0x0000000008001460                HAL_GPIO_Init
 .text.HAL_GPIO_ReadPin
                0x0000000008001768       0x2e ./Drivers/STM32F1xx_HAL_Driver/Src/stm32f1xx_hal_gpio.o
                0x0000000008001768                HAL_GPIO_ReadPin
 .text.HAL_GPIO_WritePin
                0x0000000008001796       0x30 ./Drivers/STM32F1xx_HAL_Driver/Src/stm32f1xx_hal_gpio.o
                0x0000000008001796                HAL_GPIO_WritePin
 *fill*         0x00000000080017c6        0x2 
 .text.HAL_I2C_Init
                0x00000000080017c8      0x288 ./Drivers/STM32F1xx_HAL_Driver/Src/stm32f1xx_hal_i2c.o
                0x00000000080017c8                HAL_I2C_Init
 .text.HAL_I2C_Master_Transmit
                0x0000000008001a50      0x1fc ./Drivers/STM32F1xx_HAL_Driver/Src/stm32f1xx_hal_i2c.o
                0x0000000008001a50                HAL_I2C_Master_Transmit
 .text.HAL_I2C_Master_Receive
                0x0000000008001c4c      0x4d8 ./Drivers/STM32F1xx_HAL_Driver/Src/stm32f1xx_hal_i2c.o
                0x0000000008001c4c                HAL_I2C_Master_Receive
 .text.I2C_MasterRequestWrite
                0x0000000008002124      0x104 ./Drivers/STM32F1xx_HAL_Driver/Src/stm32f1xx_hal_i2c.o
 .text.I2C_MasterRequestRead
                0x0000000008002228      0x19c ./Drivers/STM32F1xx_HAL_Driver/Src/stm32f1xx_hal_i2c.o
 .text.I2C_WaitOnFlagUntilTimeout
                0x00000000080023c4       0xf4 ./Drivers/STM32F1xx_HAL_Driver/Src/stm32f1xx_hal_i2c.o
 .text.I2C_WaitOnMasterAddressFlagUntilTimeout
                0x00000000080024b8      0x140 ./Drivers/STM32F1xx_HAL_Driver/Src/stm32f1xx_hal_i2c.o
 .text.I2C_WaitOnTXEFlagUntilTimeout
                0x00000000080025f8       0x90 ./Drivers/STM32F1xx_HAL_Driver/Src/stm32f1xx_hal_i2c.o
 .text.I2C_WaitOnBTFFlagUntilTimeout
                0x0000000008002688       0x90 ./Drivers/STM32F1xx_HAL_Driver/Src/stm32f1xx_hal_i2c.o
 .text.I2C_WaitOnRXNEFlagUntilTimeout
                0x0000000008002718       0xba ./Drivers/STM32F1xx_HAL_Driver/Src/stm32f1xx_hal_i2c.o
 .text.I2C_IsAcknowledgeFailed
                0x00000000080027d2       0x5c ./Drivers/STM32F1xx_HAL_Driver/Src/stm32f1xx_hal_i2c.o
 *fill*         0x000000000800282e        0x2 
 .text.HAL_RCC_OscConfig
                0x0000000008002830      0x504 ./Drivers/STM32F1xx_HAL_Driver/Src/stm32f1xx_hal_rcc.o
                0x0000000008002830                HAL_RCC_OscConfig
 .text.HAL_RCC_ClockConfig
                0x0000000008002d34      0x1d4 ./Drivers/STM32F1xx_HAL_Driver/Src/stm32f1xx_hal_rcc.o
                0x0000000008002d34                HAL_RCC_ClockConfig
 .text.HAL_RCC_EnableCSS
                0x0000000008002f08       0x18 ./Drivers/STM32F1xx_HAL_Driver/Src/stm32f1xx_hal_rcc.o
                0x0000000008002f08                HAL_RCC_EnableCSS
 .text.HAL_RCC_GetSysClockFreq
                0x0000000008002f20       0xac ./Drivers/STM32F1xx_HAL_Driver/Src/stm32f1xx_hal_rcc.o
                0x0000000008002f20                HAL_RCC_GetSysClockFreq
 .text.HAL_RCC_GetHCLKFreq
                0x0000000008002fcc       0x14 ./Drivers/STM32F1xx_HAL_Driver/Src/stm32f1xx_hal_rcc.o
                0x0000000008002fcc                HAL_RCC_GetHCLKFreq
 .text.HAL_RCC_GetPCLK1Freq
                0x0000000008002fe0       0x28 ./Drivers/STM32F1xx_HAL_Driver/Src/stm32f1xx_hal_rcc.o
                0x0000000008002fe0                HAL_RCC_GetPCLK1Freq
 .text.HAL_RCC_GetPCLK2Freq
                0x0000000008003008       0x28 ./Drivers/STM32F1xx_HAL_Driver/Src/stm32f1xx_hal_rcc.o
                0x0000000008003008                HAL_RCC_GetPCLK2Freq
 .text.HAL_RCC_NMI_IRQHandler
                0x0000000008003030       0x28 ./Drivers/STM32F1xx_HAL_Driver/Src/stm32f1xx_hal_rcc.o
                0x0000000008003030                HAL_RCC_NMI_IRQHandler
 .text.RCC_Delay
                0x0000000008003058       0x3c ./Drivers/STM32F1xx_HAL_Driver/Src/stm32f1xx_hal_rcc.o
 .text.HAL_RCC_CSSCallback
                0x0000000008003094        0xc ./Drivers/STM32F1xx_HAL_Driver/Src/stm32f1xx_hal_rcc.o
                0x0000000008003094                HAL_RCC_CSSCallback
 .text.HAL_TIM_Base_Start
                0x00000000080030a0       0x88 ./Drivers/STM32F1xx_HAL_Driver/Src/stm32f1xx_hal_tim.o
                0x00000000080030a0                HAL_TIM_Base_Start
 .text.HAL_TIM_PWM_Init
                0x0000000008003128       0x9e ./Drivers/STM32F1xx_HAL_Driver/Src/stm32f1xx_hal_tim.o
                0x0000000008003128                HAL_TIM_PWM_Init
 *fill*         0x00000000080031c6        0x2 
 .text.HAL_TIM_PWM_Start
                0x00000000080031c8      0x11c ./Drivers/STM32F1xx_HAL_Driver/Src/stm32f1xx_hal_tim.o
                0x00000000080031c8                HAL_TIM_PWM_Start
 .text.HAL_TIM_Encoder_Init
                0x00000000080032e4      0x144 ./Drivers/STM32F1xx_HAL_Driver/Src/stm32f1xx_hal_tim.o
                0x00000000080032e4                HAL_TIM_Encoder_Init
 .text.HAL_TIM_Encoder_Start
                0x0000000008003428      0x11c ./Drivers/STM32F1xx_HAL_Driver/Src/stm32f1xx_hal_tim.o
                0x0000000008003428                HAL_TIM_Encoder_Start
 .text.HAL_TIM_PWM_ConfigChannel
                0x0000000008003544      0x184 ./Drivers/STM32F1xx_HAL_Driver/Src/stm32f1xx_hal_tim.o
                0x0000000008003544                HAL_TIM_PWM_ConfigChannel
 .text.TIM_Base_SetConfig
                0x00000000080036c8       0xb8 ./Drivers/STM32F1xx_HAL_Driver/Src/stm32f1xx_hal_tim.o
                0x00000000080036c8                TIM_Base_SetConfig
 .text.TIM_OC1_SetConfig
                0x0000000008003780       0x78 ./Drivers/STM32F1xx_HAL_Driver/Src/stm32f1xx_hal_tim.o
 .text.TIM_OC2_SetConfig
                0x00000000080037f8       0x7c ./Drivers/STM32F1xx_HAL_Driver/Src/stm32f1xx_hal_tim.o
                0x00000000080037f8                TIM_OC2_SetConfig
 .text.TIM_OC3_SetConfig
                0x0000000008003874       0x7a ./Drivers/STM32F1xx_HAL_Driver/Src/stm32f1xx_hal_tim.o
 .text.TIM_OC4_SetConfig
                0x00000000080038ee       0x7c ./Drivers/STM32F1xx_HAL_Driver/Src/stm32f1xx_hal_tim.o
 .text.TIM_CCxChannelCmd
                0x000000000800396a       0x48 ./Drivers/STM32F1xx_HAL_Driver/Src/stm32f1xx_hal_tim.o
                0x000000000800396a                TIM_CCxChannelCmd
 *fill*         0x00000000080039b2        0x2 
 .text.HAL_TIMEx_MasterConfigSynchronization
                0x00000000080039b4       0xb0 ./Drivers/STM32F1xx_HAL_Driver/Src/stm32f1xx_hal_tim_ex.o
                0x00000000080039b4                HAL_TIMEx_MasterConfigSynchronization
 .text.HAL_UART_Init
                0x0000000008003a64       0xa0 ./Drivers/STM32F1xx_HAL_Driver/Src/stm32f1xx_hal_uart.o
                0x0000000008003a64                HAL_UART_Init
 .text.UART_SetConfig
                0x0000000008003b04      0x11c ./Drivers/STM32F1xx_HAL_Driver/Src/stm32f1xx_hal_uart.o
 .text.TOF_InitStruct
                0x0000000008003c20       0x32 ./Drivers/VL53L1X/Src/VL53L1X.o
                0x0000000008003c20                TOF_InitStruct
 *fill*         0x0000000008003c52        0x2 
 .text.TOF_TurnOn
                0x0000000008003c54       0x2c ./Drivers/VL53L1X/Src/VL53L1X.o
                0x0000000008003c54                TOF_TurnOn
 .text.TOF_TurnOff
                0x0000000008003c80       0x2c ./Drivers/VL53L1X/Src/VL53L1X.o
                0x0000000008003c80                TOF_TurnOff
 .text.TOF_BootMultipleSensors
                0x0000000008003cac       0x5e ./Drivers/VL53L1X/Src/VL53L1X.o
                0x0000000008003cac                TOF_BootMultipleSensors
 *fill*         0x0000000008003d0a        0x2 
 .text.TOF_BootSensor
                0x0000000008003d0c       0x94 ./Drivers/VL53L1X/Src/VL53L1X.o
                0x0000000008003d0c                TOF_BootSensor
 .text.TOF_GetDistance
                0x0000000008003da0       0x34 ./Drivers/VL53L1X/Src/VL53L1X.o
                0x0000000008003da0                TOF_GetDistance
 .text.VL53L1X_SetI2CAddress
                0x0000000008003dd4       0x36 ./Drivers/VL53L1X/Src/VL53L1X_api.o
                0x0000000008003dd4                VL53L1X_SetI2CAddress
 *fill*         0x0000000008003e0a        0x2 
 .text.VL53L1X_SensorInit
                0x0000000008003e0c       0xd8 ./Drivers/VL53L1X/Src/VL53L1X_api.o
                0x0000000008003e0c                VL53L1X_SensorInit
 .text.VL53L1X_ClearInterrupt
                0x0000000008003ee4       0x30 ./Drivers/VL53L1X/Src/VL53L1X_api.o
                0x0000000008003ee4                VL53L1X_ClearInterrupt
 .text.VL53L1X_GetInterruptPolarity
                0x0000000008003f14       0x54 ./Drivers/VL53L1X/Src/VL53L1X_api.o
                0x0000000008003f14                VL53L1X_GetInterruptPolarity
 .text.VL53L1X_StartRanging
                0x0000000008003f68       0x30 ./Drivers/VL53L1X/Src/VL53L1X_api.o
                0x0000000008003f68                VL53L1X_StartRanging
 .text.VL53L1X_StopRanging
                0x0000000008003f98       0x30 ./Drivers/VL53L1X/Src/VL53L1X_api.o
                0x0000000008003f98                VL53L1X_StopRanging
 .text.VL53L1X_CheckForDataReady
                0x0000000008003fc8       0x6e ./Drivers/VL53L1X/Src/VL53L1X_api.o
                0x0000000008003fc8                VL53L1X_CheckForDataReady
 .text.VL53L1X_GetSensorId
                0x0000000008004036       0x40 ./Drivers/VL53L1X/Src/VL53L1X_api.o
                0x0000000008004036                VL53L1X_GetSensorId
 .text.VL53L1X_GetDistance
                0x0000000008004076       0x3a ./Drivers/VL53L1X/Src/VL53L1X_api.o
                0x0000000008004076                VL53L1X_GetDistance
 .text._I2CWrite
                0x00000000080040b0       0x3c ./Drivers/VL53L1X/Src/vl53l1_platform.o
                0x00000000080040b0                _I2CWrite
 .text._I2CRead
                0x00000000080040ec       0x3c ./Drivers/VL53L1X/Src/vl53l1_platform.o
                0x00000000080040ec                _I2CRead
 .text.VL53L1_WrByte
                0x0000000008004128       0x58 ./Drivers/VL53L1X/Src/vl53l1_platform.o
                0x0000000008004128                VL53L1_WrByte
 .text.VL53L1_RdByte
                0x0000000008004180       0x70 ./Drivers/VL53L1X/Src/vl53l1_platform.o
                0x0000000008004180                VL53L1_RdByte
 .text.VL53L1_RdWord
                0x00000000080041f0       0x84 ./Drivers/VL53L1X/Src/vl53l1_platform.o
                0x00000000080041f0                VL53L1_RdWord
 .text.memset   0x0000000008004274       0x10 /opt/st/stm32cubeide_1.14.0/plugins/com.st.stm32cube.ide.mcu.externaltools.gnu-tools-for-stm32.11.3.rel1.linux64_1.1.100.202309141235/tools/bin/../lib/gcc/arm-none-eabi/11.3.1/../../../../arm-none-eabi/lib/thumb/v7-m/nofp/libc_nano.a(libc_a-memset.o)
                0x0000000008004274                memset
 .text.__libc_init_array
                0x0000000008004284       0x48 /opt/st/stm32cubeide_1.14.0/plugins/com.st.stm32cube.ide.mcu.externaltools.gnu-tools-for-stm32.11.3.rel1.linux64_1.1.100.202309141235/tools/bin/../lib/gcc/arm-none-eabi/11.3.1/../../../../arm-none-eabi/lib/thumb/v7-m/nofp/libc_nano.a(libc_a-init.o)
                0x0000000008004284                __libc_init_array
 *(.glue_7)
 .glue_7        0x00000000080042cc        0x0 linker stubs
 *(.glue_7t)
 .glue_7t       0x00000000080042cc        0x0 linker stubs
 *(.eh_frame)
 .eh_frame      0x00000000080042cc        0x0 /opt/st/stm32cubeide_1.14.0/plugins/com.st.stm32cube.ide.mcu.externaltools.gnu-tools-for-stm32.11.3.rel1.linux64_1.1.100.202309141235/tools/bin/../lib/gcc/arm-none-eabi/11.3.1/thumb/v7-m/nofp/crtbegin.o
 *(.init)
 .init          0x00000000080042cc        0x4 /opt/st/stm32cubeide_1.14.0/plugins/com.st.stm32cube.ide.mcu.externaltools.gnu-tools-for-stm32.11.3.rel1.linux64_1.1.100.202309141235/tools/bin/../lib/gcc/arm-none-eabi/11.3.1/thumb/v7-m/nofp/crti.o
                0x00000000080042cc                _init
 .init          0x00000000080042d0        0x8 /opt/st/stm32cubeide_1.14.0/plugins/com.st.stm32cube.ide.mcu.externaltools.gnu-tools-for-stm32.11.3.rel1.linux64_1.1.100.202309141235/tools/bin/../lib/gcc/arm-none-eabi/11.3.1/thumb/v7-m/nofp/crtn.o
 *(.fini)
 .fini          0x00000000080042d8        0x4 /opt/st/stm32cubeide_1.14.0/plugins/com.st.stm32cube.ide.mcu.externaltools.gnu-tools-for-stm32.11.3.rel1.linux64_1.1.100.202309141235/tools/bin/../lib/gcc/arm-none-eabi/11.3.1/thumb/v7-m/nofp/crti.o
                0x00000000080042d8                _fini
 .fini          0x00000000080042dc        0x8 /opt/st/stm32cubeide_1.14.0/plugins/com.st.stm32cube.ide.mcu.externaltools.gnu-tools-for-stm32.11.3.rel1.linux64_1.1.100.202309141235/tools/bin/../lib/gcc/arm-none-eabi/11.3.1/thumb/v7-m/nofp/crtn.o
                0x00000000080042e4                . = ALIGN (0x4)
                0x00000000080042e4                _etext = .

.vfp11_veneer   0x00000000080042e4        0x0
 .vfp11_veneer  0x00000000080042e4        0x0 linker stubs

.v4_bx          0x00000000080042e4        0x0
 .v4_bx         0x00000000080042e4        0x0 linker stubs

.iplt           0x00000000080042e4        0x0
 .iplt          0x00000000080042e4        0x0 /opt/st/stm32cubeide_1.14.0/plugins/com.st.stm32cube.ide.mcu.externaltools.gnu-tools-for-stm32.11.3.rel1.linux64_1.1.100.202309141235/tools/bin/../lib/gcc/arm-none-eabi/11.3.1/thumb/v7-m/nofp/crtbegin.o

.rodata         0x00000000080042e4       0x88
                0x00000000080042e4                . = ALIGN (0x4)
 *(.rodata)
 *(.rodata*)
 .rodata.AHBPrescTable
                0x00000000080042e4       0x10 ./Core/Src/system_stm32f1xx.o
                0x00000000080042e4                AHBPrescTable
 .rodata.APBPrescTable
                0x00000000080042f4        0x8 ./Core/Src/system_stm32f1xx.o
                0x00000000080042f4                APBPrescTable
 .rodata.aPLLMULFactorTable.1
                0x00000000080042fc       0x10 ./Drivers/STM32F1xx_HAL_Driver/Src/stm32f1xx_hal_rcc.o
 .rodata.aPredivFactorTable.0
                0x000000000800430c        0x2 ./Drivers/STM32F1xx_HAL_Driver/Src/stm32f1xx_hal_rcc.o
 *fill*         0x000000000800430e        0x2 
 .rodata.VL51L1X_DEFAULT_CONFIGURATION
                0x0000000008004310       0x5b ./Drivers/VL53L1X/Src/VL53L1X_api.o
                0x0000000008004310                VL51L1X_DEFAULT_CONFIGURATION
                0x000000000800436c                . = ALIGN (0x4)
 *fill*         0x000000000800436b        0x1 

.rel.dyn        0x000000000800436c        0x0
 .rel.iplt      0x000000000800436c        0x0 /opt/st/stm32cubeide_1.14.0/plugins/com.st.stm32cube.ide.mcu.externaltools.gnu-tools-for-stm32.11.3.rel1.linux64_1.1.100.202309141235/tools/bin/../lib/gcc/arm-none-eabi/11.3.1/thumb/v7-m/nofp/crtbegin.o

.ARM.extab      0x000000000800436c        0x0
                0x000000000800436c                . = ALIGN (0x4)
 *(.ARM.extab* .gnu.linkonce.armextab.*)
                0x000000000800436c                . = ALIGN (0x4)

.ARM            0x000000000800436c        0x0
                0x000000000800436c                . = ALIGN (0x4)
                0x000000000800436c                __exidx_start = .
 *(.ARM.exidx*)
                0x000000000800436c                __exidx_end = .
                0x000000000800436c                . = ALIGN (0x4)

.preinit_array  0x000000000800436c        0x0
                0x000000000800436c                . = ALIGN (0x4)
                0x000000000800436c                PROVIDE (__preinit_array_start = .)
 *(.preinit_array*)
                0x000000000800436c                PROVIDE (__preinit_array_end = .)
                0x000000000800436c                . = ALIGN (0x4)

.init_array     0x000000000800436c        0x4
                0x000000000800436c                . = ALIGN (0x4)
                0x000000000800436c                PROVIDE (__init_array_start = .)
 *(SORT_BY_NAME(.init_array.*))
 *(.init_array*)
 .init_array    0x000000000800436c        0x4 /opt/st/stm32cubeide_1.14.0/plugins/com.st.stm32cube.ide.mcu.externaltools.gnu-tools-for-stm32.11.3.rel1.linux64_1.1.100.202309141235/tools/bin/../lib/gcc/arm-none-eabi/11.3.1/thumb/v7-m/nofp/crtbegin.o
                0x0000000008004370                PROVIDE (__init_array_end = .)
                0x0000000008004370                . = ALIGN (0x4)

.fini_array     0x0000000008004370        0x4
                0x0000000008004370                . = ALIGN (0x4)
                [!provide]                        PROVIDE (__fini_array_start = .)
 *(SORT_BY_NAME(.fini_array.*))
 *(.fini_array*)
 .fini_array    0x0000000008004370        0x4 /opt/st/stm32cubeide_1.14.0/plugins/com.st.stm32cube.ide.mcu.externaltools.gnu-tools-for-stm32.11.3.rel1.linux64_1.1.100.202309141235/tools/bin/../lib/gcc/arm-none-eabi/11.3.1/thumb/v7-m/nofp/crtbegin.o
                [!provide]                        PROVIDE (__fini_array_end = .)
                0x0000000008004374                . = ALIGN (0x4)
                0x0000000008004374                _sidata = LOADADDR (.data)

.data           0x0000000020000000       0x18 load address 0x0000000008004374
                0x0000000020000000                . = ALIGN (0x4)
                0x0000000020000000                _sdata = .
 *(.data)
 *(.data*)
 .data.sensors  0x0000000020000000        0xc ./Core/Src/main.o
                0x0000000020000000                sensors
 .data.SystemCoreClock
                0x000000002000000c        0x4 ./Core/Src/system_stm32f1xx.o
                0x000000002000000c                SystemCoreClock
 .data.uwTickPrio
                0x0000000020000010        0x4 ./Drivers/STM32F1xx_HAL_Driver/Src/stm32f1xx_hal.o
                0x0000000020000010                uwTickPrio
 .data.uwTickFreq
                0x0000000020000014        0x1 ./Drivers/STM32F1xx_HAL_Driver/Src/stm32f1xx_hal.o
                0x0000000020000014                uwTickFreq
 *(.RamFunc)
 *(.RamFunc*)
                0x0000000020000018                . = ALIGN (0x4)
 *fill*         0x0000000020000015        0x3 
                0x0000000020000018                _edata = .

.igot.plt       0x0000000020000018        0x0 load address 0x000000000800438c
 .igot.plt      0x0000000020000018        0x0 /opt/st/stm32cubeide_1.14.0/plugins/com.st.stm32cube.ide.mcu.externaltools.gnu-tools-for-stm32.11.3.rel1.linux64_1.1.100.202309141235/tools/bin/../lib/gcc/arm-none-eabi/11.3.1/thumb/v7-m/nofp/crtbegin.o
                0x0000000020000018                . = ALIGN (0x4)

.bss            0x0000000020000018      0x30c load address 0x000000000800438c
                0x0000000020000018                _sbss = .
                0x0000000020000018                __bss_start__ = _sbss
 *(.bss)
 .bss           0x0000000020000018       0x1c /opt/st/stm32cubeide_1.14.0/plugins/com.st.stm32cube.ide.mcu.externaltools.gnu-tools-for-stm32.11.3.rel1.linux64_1.1.100.202309141235/tools/bin/../lib/gcc/arm-none-eabi/11.3.1/thumb/v7-m/nofp/crtbegin.o
 *(.bss*)
 .bss.hi2c2     0x0000000020000034       0x54 ./Core/Src/i2c.o
                0x0000000020000034                hi2c2
 .bss.left      0x0000000020000088       0x10 ./Core/Src/main.o
                0x0000000020000088                left
 .bss.middle    0x0000000020000098       0x10 ./Core/Src/main.o
                0x0000000020000098                middle
 .bss.right     0x00000000200000a8       0x10 ./Core/Src/main.o
                0x00000000200000a8                right
 .bss.distanceL
                0x00000000200000b8        0x4 ./Core/Src/main.o
                0x00000000200000b8                distanceL
 .bss.distanceM
                0x00000000200000bc        0x4 ./Core/Src/main.o
                0x00000000200000bc                distanceM
 .bss.distanceR
                0x00000000200000c0        0x4 ./Core/Src/main.o
                0x00000000200000c0                distanceR
 *fill*         0x00000000200000c4        0x4 
 .bss.legA      0x00000000200000c8       0x18 ./Core/Src/main.o
                0x00000000200000c8                legA
 .bss.legB      0x00000000200000e0       0x18 ./Core/Src/main.o
                0x00000000200000e0                legB
 .bss.previous  0x00000000200000f8        0x1 ./Core/Src/main.o
                0x00000000200000f8                previous
 .bss.first_time.0
                0x00000000200000f9        0x1 ./Core/Src/main.o
 *fill*         0x00000000200000fa        0x2 
 .bss.htim2     0x00000000200000fc       0x48 ./Core/Src/tim.o
                0x00000000200000fc                htim2
 .bss.htim3     0x0000000020000144       0x48 ./Core/Src/tim.o
                0x0000000020000144                htim3
 .bss.htim4     0x000000002000018c       0x48 ./Core/Src/tim.o
                0x000000002000018c                htim4
 .bss.huart1    0x00000000200001d4       0x48 ./Core/Src/usart.o
                0x00000000200001d4                huart1
 .bss.uwTick    0x000000002000021c        0x4 ./Drivers/STM32F1xx_HAL_Driver/Src/stm32f1xx_hal.o
                0x000000002000021c                uwTick
 .bss.active_sensor
                0x0000000020000220        0x4 ./Drivers/VL53L1X/Src/VL53L1X.o
                0x0000000020000220                active_sensor
 .bss._I2CBuffer
                0x0000000020000224      0x100 ./Drivers/VL53L1X/Src/vl53l1_platform.o
                0x0000000020000224                _I2CBuffer
 *(COMMON)
                0x0000000020000324                . = ALIGN (0x4)
                0x0000000020000324                _ebss = .
                0x0000000020000324                __bss_end__ = _ebss

._user_heap_stack
                0x0000000020000324      0x604 load address 0x000000000800438c
                0x0000000020000328                . = ALIGN (0x8)
 *fill*         0x0000000020000324        0x4 
                [!provide]                        PROVIDE (end = .)
                0x0000000020000328                PROVIDE (_end = .)
                0x0000000020000528                . = (. + _Min_Heap_Size)
 *fill*         0x0000000020000328      0x200 
                0x0000000020000928                . = (. + _Min_Stack_Size)
 *fill*         0x0000000020000528      0x400 
                0x0000000020000928                . = ALIGN (0x8)

/DISCARD/
 libc.a(*)
 libm.a(*)
 libgcc.a(*)

.ARM.attributes
                0x0000000000000000       0x29
 *(.ARM.attributes)
 .ARM.attributes
                0x0000000000000000       0x1d /opt/st/stm32cubeide_1.14.0/plugins/com.st.stm32cube.ide.mcu.externaltools.gnu-tools-for-stm32.11.3.rel1.linux64_1.1.100.202309141235/tools/bin/../lib/gcc/arm-none-eabi/11.3.1/thumb/v7-m/nofp/crti.o
 .ARM.attributes
                0x000000000000001d       0x2d /opt/st/stm32cubeide_1.14.0/plugins/com.st.stm32cube.ide.mcu.externaltools.gnu-tools-for-stm32.11.3.rel1.linux64_1.1.100.202309141235/tools/bin/../lib/gcc/arm-none-eabi/11.3.1/thumb/v7-m/nofp/crtbegin.o
 .ARM.attributes
                0x000000000000004a       0x2d ./Core/Src/gpio.o
 .ARM.attributes
                0x0000000000000077       0x2d ./Core/Src/i2c.o
 .ARM.attributes
                0x00000000000000a4       0x2d ./Core/Src/main.o
 .ARM.attributes
                0x00000000000000d1       0x2d ./Core/Src/stm32f1xx_hal_msp.o
 .ARM.attributes
                0x00000000000000fe       0x2d ./Core/Src/stm32f1xx_it.o
 .ARM.attributes
                0x000000000000012b       0x2d ./Core/Src/system_stm32f1xx.o
 .ARM.attributes
                0x0000000000000158       0x2d ./Core/Src/tim.o
 .ARM.attributes
                0x0000000000000185       0x2d ./Core/Src/usart.o
 .ARM.attributes
                0x00000000000001b2       0x21 ./Core/Startup/startup_stm32f101c8tx.o
 .ARM.attributes
                0x00000000000001d3       0x2d ./Drivers/STM32F1xx_HAL_Driver/Src/stm32f1xx_hal.o
 .ARM.attributes
                0x0000000000000200       0x2d ./Drivers/STM32F1xx_HAL_Driver/Src/stm32f1xx_hal_cortex.o
 .ARM.attributes
                0x000000000000022d       0x2d ./Drivers/STM32F1xx_HAL_Driver/Src/stm32f1xx_hal_gpio.o
 .ARM.attributes
                0x000000000000025a       0x2d ./Drivers/STM32F1xx_HAL_Driver/Src/stm32f1xx_hal_i2c.o
 .ARM.attributes
                0x0000000000000287       0x2d ./Drivers/STM32F1xx_HAL_Driver/Src/stm32f1xx_hal_rcc.o
 .ARM.attributes
                0x00000000000002b4       0x2d ./Drivers/STM32F1xx_HAL_Driver/Src/stm32f1xx_hal_tim.o
 .ARM.attributes
                0x00000000000002e1       0x2d ./Drivers/STM32F1xx_HAL_Driver/Src/stm32f1xx_hal_tim_ex.o
 .ARM.attributes
                0x000000000000030e       0x2d ./Drivers/STM32F1xx_HAL_Driver/Src/stm32f1xx_hal_uart.o
 .ARM.attributes
                0x000000000000033b       0x2d ./Drivers/VL53L1X/Src/VL53L1X.o
 .ARM.attributes
                0x0000000000000368       0x2d ./Drivers/VL53L1X/Src/VL53L1X_api.o
 .ARM.attributes
                0x0000000000000395       0x2d ./Drivers/VL53L1X/Src/vl53l1_platform.o
 .ARM.attributes
                0x00000000000003c2       0x2d /opt/st/stm32cubeide_1.14.0/plugins/com.st.stm32cube.ide.mcu.externaltools.gnu-tools-for-stm32.11.3.rel1.linux64_1.1.100.202309141235/tools/bin/../lib/gcc/arm-none-eabi/11.3.1/../../../../arm-none-eabi/lib/thumb/v7-m/nofp/libc_nano.a(libc_a-memset.o)
 .ARM.attributes
                0x00000000000003ef       0x2d /opt/st/stm32cubeide_1.14.0/plugins/com.st.stm32cube.ide.mcu.externaltools.gnu-tools-for-stm32.11.3.rel1.linux64_1.1.100.202309141235/tools/bin/../lib/gcc/arm-none-eabi/11.3.1/../../../../arm-none-eabi/lib/thumb/v7-m/nofp/libc_nano.a(libc_a-init.o)
 .ARM.attributes
                0x000000000000041c       0x1d /opt/st/stm32cubeide_1.14.0/plugins/com.st.stm32cube.ide.mcu.externaltools.gnu-tools-for-stm32.11.3.rel1.linux64_1.1.100.202309141235/tools/bin/../lib/gcc/arm-none-eabi/11.3.1/thumb/v7-m/nofp/crtn.o
OUTPUT(Duubel v3_3.elf elf32-littlearm)
LOAD linker stubs
LOAD /opt/st/stm32cubeide_1.14.0/plugins/com.st.stm32cube.ide.mcu.externaltools.gnu-tools-for-stm32.11.3.rel1.linux64_1.1.100.202309141235/tools/bin/../lib/gcc/arm-none-eabi/11.3.1/../../../../arm-none-eabi/lib/thumb/v7-m/nofp/libc.a
LOAD /opt/st/stm32cubeide_1.14.0/plugins/com.st.stm32cube.ide.mcu.externaltools.gnu-tools-for-stm32.11.3.rel1.linux64_1.1.100.202309141235/tools/bin/../lib/gcc/arm-none-eabi/11.3.1/../../../../arm-none-eabi/lib/thumb/v7-m/nofp/libm.a
LOAD /opt/st/stm32cubeide_1.14.0/plugins/com.st.stm32cube.ide.mcu.externaltools.gnu-tools-for-stm32.11.3.rel1.linux64_1.1.100.202309141235/tools/bin/../lib/gcc/arm-none-eabi/11.3.1/thumb/v7-m/nofp/libgcc.a

.comment        0x0000000000000000       0x43
 .comment       0x0000000000000000       0x43 /opt/st/stm32cubeide_1.14.0/plugins/com.st.stm32cube.ide.mcu.externaltools.gnu-tools-for-stm32.11.3.rel1.linux64_1.1.100.202309141235/tools/bin/../lib/gcc/arm-none-eabi/11.3.1/thumb/v7-m/nofp/crtbegin.o
                                         0x44 (size before relaxing)
 .comment       0x0000000000000043       0x44 ./Core/Src/gpio.o
 .comment       0x0000000000000043       0x44 ./Core/Src/i2c.o
 .comment       0x0000000000000043       0x44 ./Core/Src/main.o
 .comment       0x0000000000000043       0x44 ./Core/Src/stm32f1xx_hal_msp.o
 .comment       0x0000000000000043       0x44 ./Core/Src/stm32f1xx_it.o
 .comment       0x0000000000000043       0x44 ./Core/Src/system_stm32f1xx.o
 .comment       0x0000000000000043       0x44 ./Core/Src/tim.o
 .comment       0x0000000000000043       0x44 ./Core/Src/usart.o
 .comment       0x0000000000000043       0x44 ./Drivers/STM32F1xx_HAL_Driver/Src/stm32f1xx_hal.o
 .comment       0x0000000000000043       0x44 ./Drivers/STM32F1xx_HAL_Driver/Src/stm32f1xx_hal_cortex.o
 .comment       0x0000000000000043       0x44 ./Drivers/STM32F1xx_HAL_Driver/Src/stm32f1xx_hal_gpio.o
 .comment       0x0000000000000043       0x44 ./Drivers/STM32F1xx_HAL_Driver/Src/stm32f1xx_hal_i2c.o
 .comment       0x0000000000000043       0x44 ./Drivers/STM32F1xx_HAL_Driver/Src/stm32f1xx_hal_rcc.o
 .comment       0x0000000000000043       0x44 ./Drivers/STM32F1xx_HAL_Driver/Src/stm32f1xx_hal_tim.o
 .comment       0x0000000000000043       0x44 ./Drivers/STM32F1xx_HAL_Driver/Src/stm32f1xx_hal_tim_ex.o
 .comment       0x0000000000000043       0x44 ./Drivers/STM32F1xx_HAL_Driver/Src/stm32f1xx_hal_uart.o
 .comment       0x0000000000000043       0x44 ./Drivers/VL53L1X/Src/VL53L1X.o
 .comment       0x0000000000000043       0x44 ./Drivers/VL53L1X/Src/VL53L1X_api.o
 .comment       0x0000000000000043       0x44 ./Drivers/VL53L1X/Src/vl53l1_platform.o

.debug_info     0x0000000000000000    0x10b90
 .debug_info    0x0000000000000000      0x2d3 ./Core/Src/gpio.o
 .debug_info    0x00000000000002d3      0x7e8 ./Core/Src/i2c.o
 .debug_info    0x0000000000000abb     0x128f ./Core/Src/main.o
 .debug_info    0x0000000000001d4a      0x1f1 ./Core/Src/stm32f1xx_hal_msp.o
 .debug_info    0x0000000000001f3b      0x11a ./Core/Src/stm32f1xx_it.o
 .debug_info    0x0000000000002055      0x222 ./Core/Src/system_stm32f1xx.o
 .debug_info    0x0000000000002277      0xb9c ./Core/Src/tim.o
 .debug_info    0x0000000000002e13      0x79d ./Core/Src/usart.o
 .debug_info    0x00000000000035b0       0x23 ./Core/Startup/startup_stm32f101c8tx.o
 .debug_info    0x00000000000035d3      0x6ba ./Drivers/STM32F1xx_HAL_Driver/Src/stm32f1xx_hal.o
 .debug_info    0x0000000000003c8d      0xa51 ./Drivers/STM32F1xx_HAL_Driver/Src/stm32f1xx_hal_cortex.o
 .debug_info    0x00000000000046de      0x5b4 ./Drivers/STM32F1xx_HAL_Driver/Src/stm32f1xx_hal_gpio.o
 .debug_info    0x0000000000004c92     0x252a ./Drivers/STM32F1xx_HAL_Driver/Src/stm32f1xx_hal_i2c.o
 .debug_info    0x00000000000071bc      0x7e9 ./Drivers/STM32F1xx_HAL_Driver/Src/stm32f1xx_hal_rcc.o
 .debug_info    0x00000000000079a5     0x294d ./Drivers/STM32F1xx_HAL_Driver/Src/stm32f1xx_hal_tim.o
 .debug_info    0x000000000000a2f2     0x148f ./Drivers/STM32F1xx_HAL_Driver/Src/stm32f1xx_hal_tim_ex.o
 .debug_info    0x000000000000b781     0x2ef7 ./Drivers/STM32F1xx_HAL_Driver/Src/stm32f1xx_hal_uart.o
 .debug_info    0x000000000000e678      0x916 ./Drivers/VL53L1X/Src/VL53L1X.o
 .debug_info    0x000000000000ef8e     0x10cc ./Drivers/VL53L1X/Src/VL53L1X_api.o
 .debug_info    0x000000000001005a      0xb36 ./Drivers/VL53L1X/Src/vl53l1_platform.o

.debug_abbrev   0x0000000000000000     0x2794
 .debug_abbrev  0x0000000000000000      0x13f ./Core/Src/gpio.o
 .debug_abbrev  0x000000000000013f      0x1df ./Core/Src/i2c.o
 .debug_abbrev  0x000000000000031e      0x339 ./Core/Src/main.o
 .debug_abbrev  0x0000000000000657       0xdb ./Core/Src/stm32f1xx_hal_msp.o
 .debug_abbrev  0x0000000000000732       0x75 ./Core/Src/stm32f1xx_it.o
 .debug_abbrev  0x00000000000007a7      0x13f ./Core/Src/system_stm32f1xx.o
 .debug_abbrev  0x00000000000008e6      0x28a ./Core/Src/tim.o
 .debug_abbrev  0x0000000000000b70      0x1e7 ./Core/Src/usart.o
 .debug_abbrev  0x0000000000000d57       0x12 ./Core/Startup/startup_stm32f101c8tx.o
 .debug_abbrev  0x0000000000000d69      0x239 ./Drivers/STM32F1xx_HAL_Driver/Src/stm32f1xx_hal.o
 .debug_abbrev  0x0000000000000fa2      0x2f8 ./Drivers/STM32F1xx_HAL_Driver/Src/stm32f1xx_hal_cortex.o
 .debug_abbrev  0x000000000000129a      0x1c9 ./Drivers/STM32F1xx_HAL_Driver/Src/stm32f1xx_hal_gpio.o
 .debug_abbrev  0x0000000000001463      0x2b3 ./Drivers/STM32F1xx_HAL_Driver/Src/stm32f1xx_hal_i2c.o
 .debug_abbrev  0x0000000000001716      0x2b2 ./Drivers/STM32F1xx_HAL_Driver/Src/stm32f1xx_hal_rcc.o
 .debug_abbrev  0x00000000000019c8      0x28b ./Drivers/STM32F1xx_HAL_Driver/Src/stm32f1xx_hal_tim.o
 .debug_abbrev  0x0000000000001c53      0x296 ./Drivers/STM32F1xx_HAL_Driver/Src/stm32f1xx_hal_tim_ex.o
 .debug_abbrev  0x0000000000001ee9      0x305 ./Drivers/STM32F1xx_HAL_Driver/Src/stm32f1xx_hal_uart.o
 .debug_abbrev  0x00000000000021ee      0x20b ./Drivers/VL53L1X/Src/VL53L1X.o
 .debug_abbrev  0x00000000000023f9      0x19d ./Drivers/VL53L1X/Src/VL53L1X_api.o
 .debug_abbrev  0x0000000000002596      0x1fe ./Drivers/VL53L1X/Src/vl53l1_platform.o

.debug_aranges  0x0000000000000000     0x10f8
 .debug_aranges
                0x0000000000000000       0x20 ./Core/Src/gpio.o
 .debug_aranges
                0x0000000000000020       0x30 ./Core/Src/i2c.o
 .debug_aranges
                0x0000000000000050       0x78 ./Core/Src/main.o
 .debug_aranges
                0x00000000000000c8       0x20 ./Core/Src/stm32f1xx_hal_msp.o
 .debug_aranges
                0x00000000000000e8       0x60 ./Core/Src/stm32f1xx_it.o
 .debug_aranges
                0x0000000000000148       0x28 ./Core/Src/system_stm32f1xx.o
 .debug_aranges
                0x0000000000000170       0x58 ./Core/Src/tim.o
 .debug_aranges
                0x00000000000001c8       0x30 ./Core/Src/usart.o
 .debug_aranges
                0x00000000000001f8       0x28 ./Core/Startup/startup_stm32f101c8tx.o
 .debug_aranges
                0x0000000000000220       0xe0 ./Drivers/STM32F1xx_HAL_Driver/Src/stm32f1xx_hal.o
 .debug_aranges
                0x0000000000000300      0x100 ./Drivers/STM32F1xx_HAL_Driver/Src/stm32f1xx_hal_cortex.o
 .debug_aranges
                0x0000000000000400       0x58 ./Drivers/STM32F1xx_HAL_Driver/Src/stm32f1xx_hal_gpio.o
 .debug_aranges
                0x0000000000000458      0x2a8 ./Drivers/STM32F1xx_HAL_Driver/Src/stm32f1xx_hal_i2c.o
 .debug_aranges
                0x0000000000000700       0x90 ./Drivers/STM32F1xx_HAL_Driver/Src/stm32f1xx_hal_rcc.o
 .debug_aranges
                0x0000000000000790      0x3d0 ./Drivers/STM32F1xx_HAL_Driver/Src/stm32f1xx_hal_tim.o
 .debug_aranges
                0x0000000000000b60      0x168 ./Drivers/STM32F1xx_HAL_Driver/Src/stm32f1xx_hal_tim_ex.o
 .debug_aranges
                0x0000000000000cc8      0x208 ./Drivers/STM32F1xx_HAL_Driver/Src/stm32f1xx_hal_uart.o
 .debug_aranges
                0x0000000000000ed0       0x58 ./Drivers/VL53L1X/Src/VL53L1X.o
 .debug_aranges
                0x0000000000000f28      0x168 ./Drivers/VL53L1X/Src/VL53L1X_api.o
 .debug_aranges
                0x0000000000001090       0x68 ./Drivers/VL53L1X/Src/vl53l1_platform.o

.debug_rnglists
                0x0000000000000000      0xd51
 .debug_rnglists
                0x0000000000000000       0x14 ./Core/Src/gpio.o
 .debug_rnglists
                0x0000000000000014       0x20 ./Core/Src/i2c.o
 .debug_rnglists
                0x0000000000000034       0x5a ./Core/Src/main.o
 .debug_rnglists
                0x000000000000008e       0x13 ./Core/Src/stm32f1xx_hal_msp.o
 .debug_rnglists
                0x00000000000000a1       0x43 ./Core/Src/stm32f1xx_it.o
 .debug_rnglists
                0x00000000000000e4       0x1a ./Core/Src/system_stm32f1xx.o
 .debug_rnglists
                0x00000000000000fe       0x41 ./Core/Src/tim.o
 .debug_rnglists
                0x000000000000013f       0x20 ./Core/Src/usart.o
 .debug_rnglists
                0x000000000000015f       0x19 ./Core/Startup/startup_stm32f101c8tx.o
 .debug_rnglists
                0x0000000000000178       0xa3 ./Drivers/STM32F1xx_HAL_Driver/Src/stm32f1xx_hal.o
 .debug_rnglists
                0x000000000000021b       0xbb ./Drivers/STM32F1xx_HAL_Driver/Src/stm32f1xx_hal_cortex.o
 .debug_rnglists
                0x00000000000002d6       0x3f ./Drivers/STM32F1xx_HAL_Driver/Src/stm32f1xx_hal_gpio.o
 .debug_rnglists
                0x0000000000000315      0x23c ./Drivers/STM32F1xx_HAL_Driver/Src/stm32f1xx_hal_i2c.o
 .debug_rnglists
                0x0000000000000551       0x6c ./Drivers/STM32F1xx_HAL_Driver/Src/stm32f1xx_hal_rcc.o
 .debug_rnglists
                0x00000000000005bd      0x316 ./Drivers/STM32F1xx_HAL_Driver/Src/stm32f1xx_hal_tim.o
 .debug_rnglists
                0x00000000000008d3      0x125 ./Drivers/STM32F1xx_HAL_Driver/Src/stm32f1xx_hal_tim_ex.o
 .debug_rnglists
                0x00000000000009f8      0x1bc ./Drivers/STM32F1xx_HAL_Driver/Src/stm32f1xx_hal_uart.o
 .debug_rnglists
                0x0000000000000bb4       0x3e ./Drivers/VL53L1X/Src/VL53L1X.o
 .debug_rnglists
                0x0000000000000bf2      0x114 ./Drivers/VL53L1X/Src/VL53L1X_api.o
 .debug_rnglists
                0x0000000000000d06       0x4b ./Drivers/VL53L1X/Src/vl53l1_platform.o

.debug_macro    0x0000000000000000    0x11cf0
 .debug_macro   0x0000000000000000      0x1c3 ./Core/Src/gpio.o
 .debug_macro   0x00000000000001c3      0xa9c ./Core/Src/gpio.o
 .debug_macro   0x0000000000000c5f      0x221 ./Core/Src/gpio.o
 .debug_macro   0x0000000000000e80       0x2e ./Core/Src/gpio.o
 .debug_macro   0x0000000000000eae       0x22 ./Core/Src/gpio.o
 .debug_macro   0x0000000000000ed0       0x22 ./Core/Src/gpio.o
 .debug_macro   0x0000000000000ef2       0x8e ./Core/Src/gpio.o
 .debug_macro   0x0000000000000f80       0x51 ./Core/Src/gpio.o
 .debug_macro   0x0000000000000fd1      0x103 ./Core/Src/gpio.o
 .debug_macro   0x00000000000010d4       0x6a ./Core/Src/gpio.o
 .debug_macro   0x000000000000113e      0x1df ./Core/Src/gpio.o
 .debug_macro   0x000000000000131d       0x1c ./Core/Src/gpio.o
 .debug_macro   0x0000000000001339       0x22 ./Core/Src/gpio.o
 .debug_macro   0x000000000000135b       0xbd ./Core/Src/gpio.o
 .debug_macro   0x0000000000001418      0xd23 ./Core/Src/gpio.o
 .debug_macro   0x000000000000213b     0x6cd1 ./Core/Src/gpio.o
 .debug_macro   0x0000000000008e0c       0x6d ./Core/Src/gpio.o
 .debug_macro   0x0000000000008e79     0x34a2 ./Core/Src/gpio.o
 .debug_macro   0x000000000000c31b      0x174 ./Core/Src/gpio.o
 .debug_macro   0x000000000000c48f       0x5c ./Core/Src/gpio.o
 .debug_macro   0x000000000000c4eb      0x5bc ./Core/Src/gpio.o
 .debug_macro   0x000000000000caa7      0x1e1 ./Core/Src/gpio.o
 .debug_macro   0x000000000000cc88      0x1cb ./Core/Src/gpio.o
 .debug_macro   0x000000000000ce53      0x114 ./Core/Src/gpio.o
 .debug_macro   0x000000000000cf67      0x19d ./Core/Src/gpio.o
 .debug_macro   0x000000000000d104       0x27 ./Core/Src/gpio.o
 .debug_macro   0x000000000000d12b      0x136 ./Core/Src/gpio.o
 .debug_macro   0x000000000000d261      0x1bc ./Core/Src/gpio.o
 .debug_macro   0x000000000000d41d       0x34 ./Core/Src/gpio.o
 .debug_macro   0x000000000000d451       0x3c ./Core/Src/gpio.o
 .debug_macro   0x000000000000d48d       0x57 ./Core/Src/gpio.o
 .debug_macro   0x000000000000d4e4       0x87 ./Core/Src/gpio.o
 .debug_macro   0x000000000000d56b      0x240 ./Core/Src/gpio.o
 .debug_macro   0x000000000000d7ab      0x287 ./Core/Src/gpio.o
 .debug_macro   0x000000000000da32      0x140 ./Core/Src/gpio.o
 .debug_macro   0x000000000000db72      0x8ed ./Core/Src/gpio.o
 .debug_macro   0x000000000000e45f      0x28e ./Core/Src/gpio.o
 .debug_macro   0x000000000000e6ed       0x67 ./Core/Src/gpio.o
 .debug_macro   0x000000000000e754      0x19c ./Core/Src/gpio.o
 .debug_macro   0x000000000000e8f0      0x1c3 ./Core/Src/i2c.o
 .debug_macro   0x000000000000eab3      0x367 ./Core/Src/main.o
 .debug_macro   0x000000000000ee1a       0x61 ./Core/Src/main.o
 .debug_macro   0x000000000000ee7b       0x24 ./Core/Src/main.o
 .debug_macro   0x000000000000ee9f       0x43 ./Core/Src/main.o
 .debug_macro   0x000000000000eee2       0x34 ./Core/Src/main.o
 .debug_macro   0x000000000000ef16       0x16 ./Core/Src/main.o
 .debug_macro   0x000000000000ef2c       0x35 ./Core/Src/main.o
 .debug_macro   0x000000000000ef61      0x369 ./Core/Src/main.o
 .debug_macro   0x000000000000f2ca       0x10 ./Core/Src/main.o
 .debug_macro   0x000000000000f2da       0x16 ./Core/Src/main.o
 .debug_macro   0x000000000000f2f0       0x43 ./Core/Src/main.o
 .debug_macro   0x000000000000f333       0x34 ./Core/Src/main.o
 .debug_macro   0x000000000000f367       0x10 ./Core/Src/main.o
 .debug_macro   0x000000000000f377       0x58 ./Core/Src/main.o
 .debug_macro   0x000000000000f3cf       0x8e ./Core/Src/main.o
 .debug_macro   0x000000000000f45d       0x1c ./Core/Src/main.o
 .debug_macro   0x000000000000f479      0x177 ./Core/Src/main.o
 .debug_macro   0x000000000000f5f0       0x16 ./Core/Src/main.o
 .debug_macro   0x000000000000f606       0x16 ./Core/Src/main.o
 .debug_macro   0x000000000000f61c      0x147 ./Core/Src/main.o
 .debug_macro   0x000000000000f763       0x16 ./Core/Src/main.o
 .debug_macro   0x000000000000f779       0x20 ./Core/Src/main.o
 .debug_macro   0x000000000000f799       0x16 ./Core/Src/main.o
 .debug_macro   0x000000000000f7af       0x16 ./Core/Src/main.o
 .debug_macro   0x000000000000f7c5       0x29 ./Core/Src/main.o
 .debug_macro   0x000000000000f7ee      0x1b9 ./Core/Src/stm32f1xx_hal_msp.o
 .debug_macro   0x000000000000f9a7      0x1c3 ./Core/Src/stm32f1xx_it.o
 .debug_macro   0x000000000000fb6a      0x1aa ./Core/Src/system_stm32f1xx.o
 .debug_macro   0x000000000000fd14      0x1c3 ./Core/Src/tim.o
 .debug_macro   0x000000000000fed7      0x1c3 ./Core/Src/usart.o
 .debug_macro   0x000000000001009a      0x1ce ./Drivers/STM32F1xx_HAL_Driver/Src/stm32f1xx_hal.o
 .debug_macro   0x0000000000010268      0x1aa ./Drivers/STM32F1xx_HAL_Driver/Src/stm32f1xx_hal_cortex.o
 .debug_macro   0x0000000000010412      0x215 ./Drivers/STM32F1xx_HAL_Driver/Src/stm32f1xx_hal_gpio.o
 .debug_macro   0x0000000000010627      0x1f8 ./Drivers/STM32F1xx_HAL_Driver/Src/stm32f1xx_hal_i2c.o
 .debug_macro   0x000000000001081f      0x1bc ./Drivers/STM32F1xx_HAL_Driver/Src/stm32f1xx_hal_rcc.o
 .debug_macro   0x00000000000109db      0x1ab ./Drivers/STM32F1xx_HAL_Driver/Src/stm32f1xx_hal_tim.o
 .debug_macro   0x0000000000010b86      0x1aa ./Drivers/STM32F1xx_HAL_Driver/Src/stm32f1xx_hal_tim_ex.o
 .debug_macro   0x0000000000010d30      0x1ab ./Drivers/STM32F1xx_HAL_Driver/Src/stm32f1xx_hal_uart.o
 .debug_macro   0x0000000000010edb      0x334 ./Drivers/VL53L1X/Src/VL53L1X.o
 .debug_macro   0x000000000001120f       0x10 ./Drivers/VL53L1X/Src/VL53L1X.o
 .debug_macro   0x000000000001121f       0x1c ./Drivers/VL53L1X/Src/VL53L1X.o
 .debug_macro   0x000000000001123b      0x112 ./Drivers/VL53L1X/Src/VL53L1X.o
 .debug_macro   0x000000000001134d      0x1c5 ./Drivers/VL53L1X/Src/VL53L1X_api.o
 .debug_macro   0x0000000000011512      0x3f0 ./Drivers/VL53L1X/Src/vl53l1_platform.o
 .debug_macro   0x0000000000011902      0x126 ./Drivers/VL53L1X/Src/vl53l1_platform.o
 .debug_macro   0x0000000000011a28       0x16 ./Drivers/VL53L1X/Src/vl53l1_platform.o
 .debug_macro   0x0000000000011a3e       0xc1 ./Drivers/VL53L1X/Src/vl53l1_platform.o
 .debug_macro   0x0000000000011aff      0x19b ./Drivers/VL53L1X/Src/vl53l1_platform.o
 .debug_macro   0x0000000000011c9a       0x56 ./Drivers/VL53L1X/Src/vl53l1_platform.o

.debug_line     0x0000000000000000    0x137d7
 .debug_line    0x0000000000000000      0x6a0 ./Core/Src/gpio.o
 .debug_line    0x00000000000006a0      0x6c6 ./Core/Src/i2c.o
 .debug_line    0x0000000000000d66      0xb90 ./Core/Src/main.o
 .debug_line    0x00000000000018f6      0x662 ./Core/Src/stm32f1xx_hal_msp.o
 .debug_line    0x0000000000001f58      0x726 ./Core/Src/stm32f1xx_it.o
 .debug_line    0x000000000000267e      0x6df ./Core/Src/system_stm32f1xx.o
 .debug_line    0x0000000000002d5d      0x83e ./Core/Src/tim.o
 .debug_line    0x000000000000359b      0x6d0 ./Core/Src/usart.o
 .debug_line    0x0000000000003c6b       0x78 ./Core/Startup/startup_stm32f101c8tx.o
 .debug_line    0x0000000000003ce3      0x90c ./Drivers/STM32F1xx_HAL_Driver/Src/stm32f1xx_hal.o
 .debug_line    0x00000000000045ef      0xaf4 ./Drivers/STM32F1xx_HAL_Driver/Src/stm32f1xx_hal_cortex.o
 .debug_line    0x00000000000050e3      0x9a5 ./Drivers/STM32F1xx_HAL_Driver/Src/stm32f1xx_hal_gpio.o
 .debug_line    0x0000000000005a88     0x3ab3 ./Drivers/STM32F1xx_HAL_Driver/Src/stm32f1xx_hal_i2c.o
 .debug_line    0x000000000000953b      0xd15 ./Drivers/STM32F1xx_HAL_Driver/Src/stm32f1xx_hal_rcc.o
 .debug_line    0x000000000000a250     0x3268 ./Drivers/STM32F1xx_HAL_Driver/Src/stm32f1xx_hal_tim.o
 .debug_line    0x000000000000d4b8     0x182b ./Drivers/STM32F1xx_HAL_Driver/Src/stm32f1xx_hal_tim_ex.o
 .debug_line    0x000000000000ece3     0x27d0 ./Drivers/STM32F1xx_HAL_Driver/Src/stm32f1xx_hal_uart.o
 .debug_line    0x00000000000114b3      0x9d4 ./Drivers/VL53L1X/Src/VL53L1X.o
 .debug_line    0x0000000000011e87      0xe05 ./Drivers/VL53L1X/Src/VL53L1X_api.o
 .debug_line    0x0000000000012c8c      0xb4b ./Drivers/VL53L1X/Src/vl53l1_platform.o

.debug_str      0x0000000000000000    0x697fc
 .debug_str     0x0000000000000000    0x5f26e ./Core/Src/gpio.o
                                      0x5f505 (size before relaxing)
 .debug_str     0x000000000005f26e      0x49a ./Core/Src/i2c.o
                                      0x5f9bf (size before relaxing)
 .debug_str     0x000000000005f708     0x410e ./Core/Src/main.o
                                      0x63b24 (size before relaxing)
 .debug_str     0x0000000000063816       0x5a ./Core/Src/stm32f1xx_hal_msp.o
                                      0x5f48d (size before relaxing)
 .debug_str     0x0000000000063870       0xe0 ./Core/Src/stm32f1xx_it.o
                                      0x5f4b9 (size before relaxing)
 .debug_str     0x0000000000063950       0x7e ./Core/Src/system_stm32f1xx.o
                                      0x5eedf (size before relaxing)
 .debug_str     0x00000000000639ce      0x24d ./Core/Src/tim.o
                                      0x5fc33 (size before relaxing)
 .debug_str     0x0000000000063c1b       0x51 ./Core/Src/usart.o
                                      0x5f94d (size before relaxing)
 .debug_str     0x0000000000063c6c       0x34 ./Core/Startup/startup_stm32f101c8tx.o
                                         0x6a (size before relaxing)
 .debug_str     0x0000000000063ca0      0x5de ./Drivers/STM32F1xx_HAL_Driver/Src/stm32f1xx_hal.o
                                      0x5f582 (size before relaxing)
 .debug_str     0x000000000006427e      0x2bb ./Drivers/STM32F1xx_HAL_Driver/Src/stm32f1xx_hal_cortex.o
                                      0x5f4ce (size before relaxing)
 .debug_str     0x0000000000064539      0x2d5 ./Drivers/STM32F1xx_HAL_Driver/Src/stm32f1xx_hal_gpio.o
                                      0x5f265 (size before relaxing)
 .debug_str     0x000000000006480e      0xbdb ./Drivers/STM32F1xx_HAL_Driver/Src/stm32f1xx_hal_i2c.o
                                      0x5ffa6 (size before relaxing)
 .debug_str     0x00000000000653e9      0x1e0 ./Drivers/STM32F1xx_HAL_Driver/Src/stm32f1xx_hal_rcc.o
                                      0x5f30e (size before relaxing)
 .debug_str     0x00000000000655c9      0xcec ./Drivers/STM32F1xx_HAL_Driver/Src/stm32f1xx_hal_tim.o
                                      0x60310 (size before relaxing)
 .debug_str     0x00000000000662b5      0x493 ./Drivers/STM32F1xx_HAL_Driver/Src/stm32f1xx_hal_tim_ex.o
                                      0x5fb1c (size before relaxing)
 .debug_str     0x0000000000066748      0x61b ./Drivers/STM32F1xx_HAL_Driver/Src/stm32f1xx_hal_uart.o
                                      0x5f97f (size before relaxing)
 .debug_str     0x0000000000066d63      0x853 ./Drivers/VL53L1X/Src/VL53L1X.o
                                      0x63a39 (size before relaxing)
 .debug_str     0x00000000000675b6      0x5cb ./Drivers/VL53L1X/Src/VL53L1X_api.o
                                       0x8667 (size before relaxing)
 .debug_str     0x0000000000067b81     0x1c7b ./Drivers/VL53L1X/Src/vl53l1_platform.o
                                      0x64f13 (size before relaxing)

.debug_frame    0x0000000000000000     0x4738
 .debug_frame   0x0000000000000000       0x34 ./Core/Src/gpio.o
 .debug_frame   0x0000000000000034       0x74 ./Core/Src/i2c.o
 .debug_frame   0x00000000000000a8      0x1d0 ./Core/Src/main.o
 .debug_frame   0x0000000000000278       0x38 ./Core/Src/stm32f1xx_hal_msp.o
 .debug_frame   0x00000000000002b0      0x108 ./Core/Src/stm32f1xx_it.o
 .debug_frame   0x00000000000003b8       0x58 ./Core/Src/system_stm32f1xx.o
 .debug_frame   0x0000000000000410      0x138 ./Core/Src/tim.o
 .debug_frame   0x0000000000000548       0x74 ./Core/Src/usart.o
 .debug_frame   0x00000000000005bc      0x334 ./Drivers/STM32F1xx_HAL_Driver/Src/stm32f1xx_hal.o
 .debug_frame   0x00000000000008f0      0x428 ./Drivers/STM32F1xx_HAL_Driver/Src/stm32f1xx_hal_cortex.o
 .debug_frame   0x0000000000000d18      0x14c ./Drivers/STM32F1xx_HAL_Driver/Src/stm32f1xx_hal_gpio.o
 .debug_frame   0x0000000000000e64      0xc84 ./Drivers/STM32F1xx_HAL_Driver/Src/stm32f1xx_hal_i2c.o
 .debug_frame   0x0000000000001ae8      0x218 ./Drivers/STM32F1xx_HAL_Driver/Src/stm32f1xx_hal_rcc.o
 .debug_frame   0x0000000000001d00     0x11b4 ./Drivers/STM32F1xx_HAL_Driver/Src/stm32f1xx_hal_tim.o
 .debug_frame   0x0000000000002eb4      0x638 ./Drivers/STM32F1xx_HAL_Driver/Src/stm32f1xx_hal_tim_ex.o
 .debug_frame   0x00000000000034ec      0x944 ./Drivers/STM32F1xx_HAL_Driver/Src/stm32f1xx_hal_uart.o
 .debug_frame   0x0000000000003e30      0x134 ./Drivers/VL53L1X/Src/VL53L1X.o
 .debug_frame   0x0000000000003f64      0x610 ./Drivers/VL53L1X/Src/VL53L1X_api.o
 .debug_frame   0x0000000000004574      0x178 ./Drivers/VL53L1X/Src/vl53l1_platform.o
 .debug_frame   0x00000000000046ec       0x20 /opt/st/stm32cubeide_1.14.0/plugins/com.st.stm32cube.ide.mcu.externaltools.gnu-tools-for-stm32.11.3.rel1.linux64_1.1.100.202309141235/tools/bin/../lib/gcc/arm-none-eabi/11.3.1/../../../../arm-none-eabi/lib/thumb/v7-m/nofp/libc_nano.a(libc_a-memset.o)
 .debug_frame   0x000000000000470c       0x2c /opt/st/stm32cubeide_1.14.0/plugins/com.st.stm32cube.ide.mcu.externaltools.gnu-tools-for-stm32.11.3.rel1.linux64_1.1.100.202309141235/tools/bin/../lib/gcc/arm-none-eabi/11.3.1/../../../../arm-none-eabi/lib/thumb/v7-m/nofp/libc_nano.a(libc_a-init.o)

.debug_line_str
                0x0000000000000000       0x5e
 .debug_line_str
                0x0000000000000000       0x5e ./Core/Startup/startup_stm32f101c8tx.o
                                         0x76 (size before relaxing)
