../Core/Src/main.c:125:5:main	8	static
../Core/Src/main.c:222:6:SystemClock_Config	72	static
../Core/Src/main.c:279:6:InitPeriph	16	static
../Core/Src/main.c:316:6:UpdateEncoder	40	static
../Core/Src/main.c:349:6:Turn	104	static
../Core/Src/main.c:400:6:Drive	96	static
../Core/Src/main.c:451:6:GetDistances	8	static
../Core/Src/main.c:457:5:_write	24	static
../Core/Src/main.c:462:6:SpinHands	16	static
../Core/Src/main.c:467:6:StopHands	4	static
../Core/Src/main.c:472:6:LED	16	static
../Core/Src/main.c:483:6:Error_Handler	4	static,ignoring_inline_asm
